PFRMAT QA
TARGET H1143
AUTHOR MULTICOM_qa
METHOD Multimer_eva
MODEL 1
QMODE 1
H1143TS035_5 0.4658 0.136652
H1143TS035_3 0.4638 0.147429
H1143TS035_4 0.4227 0.074506
H1143TS399_4 0.4120 0.049804
H1143TS037_3 0.3657 0.001665
H1143TS493_2 0.3634 0.005350
END